[mack-html.netlify.app/index.html]
[backblue.gif]
[fade.gif]
[index.html]
[mack-html.netlify.app/assets/img/preview-template/preview-template.png]
[mack-html.netlify.app/assets/all-icons/myicon.css]
[mack-html.netlify.app/assets/css/bootstrap.min.css]
[mack-html.netlify.app/assets/css/plugins.css]
[mack-html.netlify.app/assets/css/style.min.css]
[mack-html.netlify.app/assets/css/responsive.min.css]
[mack-html.netlify.app/home-2.html]
[mack-html.netlify.app/home-3.html]
[mack-html.netlify.app/assets/img/logo/Logo-2.svg]
[mack-html.netlify.app/assets/img/banner/v2/profile-1.png]
[mack-html.netlify.app/assets/img/about/v2/profile-img.png]
[mack-html.netlify.app/assets/img/awesome-journey/v1/object-img-1.png]
[mack-html.netlify.app/assets/img/awesome-journey/v1/object-img-2.png]
[mack-html.netlify.app/assets/img/latest-project/v2/project-1.jpg]
[mack-html.netlify.app/assets/img/latest-project/v2/project-2.jpg]
[mack-html.netlify.app/assets/img/latest-project/v2/project-3.jpg]
[mack-html.netlify.app/assets/img/latest-project/v2/project-4.jpg]
[mack-html.netlify.app/assets/img/latest-project/v2/project-5.jpg]
[mack-html.netlify.app/assets/img/latest-project/v2/project-6.jpg]
[mack-html.netlify.app/assets/img/testimonial/v2/background-img.png]
[mack-html.netlify.app/assets/img/our-team/v1/profile-1.jpg]
[mack-html.netlify.app/assets/img/our-team/v1/profile-2.jpg]
[mack-html.netlify.app/assets/img/our-team/v1/profile-3.jpg]
[mack-html.netlify.app/assets/img/our-team/v1/profile-4.jpg]
[mack-html.netlify.app/blog-details.html]
[mack-html.netlify.app/assets/img/news-blog/v2/card-img-1.jpg]
[mack-html.netlify.app/assets/img/news-blog/v2/profile-1.jpg]
[mack-html.netlify.app/assets/img/news-blog/v2/card-img-2.jpg]
[mack-html.netlify.app/assets/img/news-blog/v2/card-img-3.jpg]
[mack-html.netlify.app/assets/img/contact/v2/bg-img.png]
[mack-html.netlify.app/assets/js/jquery-3.7.1.min.js]
[mack-html.netlify.app/assets/js/bootstrap.min.js]
[mack-html.netlify.app/assets/js/plugins.js]
[mack-html.netlify.app/index.html]
[mack-html.netlify.app/assets/img/logo/favicon.svg]
[mack-html.netlify.app/assets/img/logo/icon.svg]
[mack-html.netlify.app/assets/js/index.min.js]
[mack-html.netlify.app/assets/all-icons/icomoon28a0.eot]
[mack-html.netlify.app/assets/all-icons/icomoon28a0.ttf]
[mack-html.netlify.app/assets/all-icons/icomoon28a0.woff]
[mack-html.netlify.app/assets/all-icons/myicon.css]
[mack-html.netlify.app/assets/css/bootstrap.min.css]
[mack-html.netlify.app/assets/css/plugins.css]
[mack-html.netlify.app/assets/all-icons/icomoon28a0.svg]
[mack-html.netlify.app/assets/css/assets/images/inner/sidber-contact.29.delayed]
[mack-html.netlify.app/assets/css/style.min.css]
[mack-html.netlify.app/assets/css/responsive.min.css]
[mack-html.netlify.app/assets/img/logo/logo-3.svg]
[mack-html.netlify.app/assets/img/banner/v1/profile-shap.png]
[mack-html.netlify.app/assets/img/banner/v1/profile-1.png]
[mack-html.netlify.app/assets/img/about/v1/profile-img.jpg]
[mack-html.netlify.app/assets/img/estimate-project/v1/bg.jpg]
[mack-html.netlify.app/assets/img/latest-project/v1/project-1.jpg]
[mack-html.netlify.app/assets/img/latest-project/v1/project-2.jpg]
[mack-html.netlify.app/assets/img/latest-project/v1/project-3.jpg]
[mack-html.netlify.app/assets/img/latest-project/v1/project-4.jpg]
[mack-html.netlify.app/assets/img/latest-project/v1/project-5.jpg]
[mack-html.netlify.app/assets/img/latest-project/v1/project-6.jpg]
[mack-html.netlify.app/assets/img/testimonial/v1/background-img.jpg]
[mack-html.netlify.app/assets/img/testimonial/v1/profile-1.jpg]
[mack-html.netlify.app/assets/img/testimonial/v1/profile-2.jpg]
[mack-html.netlify.app/assets/img/testimonial/v1/profile-3.jpg]
[mack-html.netlify.app/assets/img/news-blog/v1/card-img-1.jpg]
[mack-html.netlify.app/assets/img/news-blog/v1/profile-1.jpg]
[mack-html.netlify.app/assets/img/news-blog/v1/card-img-2.jpg]
[mack-html.netlify.app/assets/img/news-blog/v1/card-img-3.jpg]
[mack-html.netlify.app/assets/img/contact/v1/bg-img.png]
[mack-html.netlify.app/home-2.html]
[mack-html.netlify.app/assets/img/banner/v3/profile-1.png]
[mack-html.netlify.app/assets/img/about/v3/profile-img.png]
[mack-html.netlify.app/assets/img/awesome-journey/v2/object-img-1.png]
[mack-html.netlify.app/assets/img/awesome-journey/v2/object-img-2.png]
[mack-html.netlify.app/assets/img/latest-project/v3/project-1.jpg]
[mack-html.netlify.app/assets/img/latest-project/v3/project-2.jpg]
[mack-html.netlify.app/assets/img/latest-project/v3/project-3.jpg]
[mack-html.netlify.app/assets/img/latest-project/v3/project-4.jpg]
[mack-html.netlify.app/assets/img/latest-project/v3/project-5.jpg]
[mack-html.netlify.app/assets/img/latest-project/v3/project-6.jpg]
[mack-html.netlify.app/assets/img/testimonial/v3/background-img.png]
[mack-html.netlify.app/assets/img/our-team/v2/profile-1.jpg]
[mack-html.netlify.app/assets/img/our-team/v2/profile-2.jpg]
[mack-html.netlify.app/assets/img/our-team/v2/profile-3.jpg]
[mack-html.netlify.app/assets/img/our-team/v2/profile-4.jpg]
[mack-html.netlify.app/assets/img/news-blog/v3/card-img-1.jpg]
[mack-html.netlify.app/assets/img/news-blog/v3/profile-1.jpg]
[mack-html.netlify.app/assets/img/news-blog/v3/card-img-2.jpg]
[mack-html.netlify.app/assets/img/news-blog/v3/card-img-3.jpg]
[mack-html.netlify.app/assets/img/contact/v3/bg-img.png]
[mack-html.netlify.app/home-3.html]
[mack-html.netlify.app/assets/img/logo/Logo-2.svg]
[cdn.jsdelivr.net/npm/bootstrap-icons@1.9.1/font/bootstrap-icons.css]
[mack-html.netlify.app/assets/img/news-blog/blog-thu.png]
[mack-html.netlify.app/assets/img/news-blog/category-icon.png]
[mack-html.netlify.app/assets/img/news-blog/testi1.png]
[mack-html.netlify.app/assets/img/news-blog/blog-thu2.png]
[mack-html.netlify.app/assets/img/news-blog/blog-thu3.png]
[mack-html.netlify.app/assets/img/news-blog/testi4.png]
[mack-html.netlify.app/assets/img/news-blog/testi5.png]
[mack-html.netlify.app/assets/img/news-blog/recent-post.png]
[mack-html.netlify.app/assets/img/news-blog/recent-post2.png]
[mack-html.netlify.app/assets/img/news-blog/recent-post3.png]
[mack-html.netlify.app/assets/js/vendor/jquery-3.6.2.min.5e.delayed]
[mack-html.netlify.app/assets/js/owl.carousel.min.5f.delayed]
[mack-html.netlify.app/assets/js/jquery.counterup.min.60.delayed]
[mack-html.netlify.app/assets/js/waypoints.min.61.delayed]
[mack-html.netlify.app/assets/js/wow.62.delayed]
[mack-html.netlify.app/assets/js/imagesloaded.pkgd.min.63.delayed]
[mack-html.netlify.app/venobox/venobox.64.delayed]
[mack-html.netlify.app/assets/js/animated-text.65.delayed]
[mack-html.netlify.app/venobox/venobox.min.66.delayed]
[mack-html.netlify.app/assets/js/isotope.pkgd.min.67.delayed]
[mack-html.netlify.app/assets/js/jquery.meanmenu.68.delayed]
[mack-html.netlify.app/assets/js/jquery.scrollUp.69.delayed]
[mack-html.netlify.app/assets/js/jquery.barfiller.6a.delayed]
[mack-html.netlify.app/assets/js/typed.6b.delayed]
[unpkg.com/aos@3.0.0-beta.6/dist/aos.js]
[mack-html.netlify.app/assets/js/vanilla-tilt.min.6e.delayed]
[mack-html.netlify.app/assets/js/splide.min.6f.delayed]
[mack-html.netlify.app/assets/js/theme.70.delayed]
[mack-html.netlify.app/blog-details.html]
[mack-html.netlify.app/assets/all-icons/icomoon28a0.svg]
[mack-html.netlify.app/assets/css/assets/images/inner/sidber-contact.html]
[mack-html.netlify.app/assets/img/logo/Logo.svg]
[mack-html.netlify.app/assets/img/logo/Logo-4.svg]
[cdn.jsdelivr.net/npm/bootstrap-icons@1.9.1/font/fonts/bootstrap-iconsd862.woff2]
[cdn.jsdelivr.net/npm/bootstrap-icons@1.9.1/font/fonts/bootstrap-iconsd862.woff]
[cdn.jsdelivr.net/npm/bootstrap-icons@1.9.1/font/bootstrap-icons.css]
[mack-html.netlify.app/assets/js/vendor/jquery-3.6.2.min.html]
[mack-html.netlify.app/assets/js/owl.carousel.min.html]
[mack-html.netlify.app/assets/js/jquery.counterup.min.html]
[mack-html.netlify.app/assets/js/waypoints.min.html]
[mack-html.netlify.app/assets/js/wow.html]
[mack-html.netlify.app/assets/js/imagesloaded.pkgd.min.html]
[mack-html.netlify.app/venobox/venobox.html]
[mack-html.netlify.app/assets/js/animated-text.html]
[mack-html.netlify.app/venobox/venobox.min.html]
[mack-html.netlify.app/assets/js/isotope.pkgd.min.html]
[mack-html.netlify.app/assets/js/jquery.meanmenu.html]
[mack-html.netlify.app/assets/js/jquery.scrollUp.html]
[mack-html.netlify.app/assets/js/jquery.barfiller.html]
[mack-html.netlify.app/assets/js/typed.html]
[mack-html.netlify.app/assets/js/vanilla-tilt.min.html]
[mack-html.netlify.app/assets/js/splide.min.html]
[mack-html.netlify.app/assets/js/theme.html]
